- deleteCatalogByCatalogName
- getCatalog
- postCatalog
- deleteCatalogsByCatalogNameItem
- getCatalogsByCatalogNameItem
- patchCatalogsByCatalogNameItem
- postCatalogsByCatalogNameItem
- putCatalogsByCatalogNameItem
- deleteCatalogsByCatalogNameItemByItemId
- getCatalogsByCatalogNameItemByItemId
- patchCatalogsByCatalogNameItemByItemId
- postCatalogsByCatalogNameItemByItemId
- putCatalogsByCatalogNameItemByItemId
- getEmailHardBounce
- getEmailUnsubscribe
- postEmailStatus
- postEmailBounceRemove
- postEmailSpamRemove
- postEmailBlocklist
- postEmailBlacklist
- getCampaignsDataSeries
- getCampaignsDetail
- getCampaignsList
- getSendsDataSeries
- getCanvasDataSeries
- getCanvasDataSummary
- getCanvasDetail
- getCanvasList
- getEventsList
- getEventsDataSeries
- getKpiNewUsersDataSeries
- getKpiDauDataSeries
- getKpiMauDataSeries
- getKpiUninstallsDataSeries
- getFeedDataSeries
- getFeedDetail
- getFeedList
- getPurchasesProductList
- getPurchasesQuantitySeries
- getPurchasesRevenueSeries
- getSegmentsList
- getSegmentsDataSeries
- getSegmentsDetail
- getSessionsDataSeries
- postUsersExportId
- postUsersExportSegment
- postUsersExportGlobalControlGroup
- postMessagesLiveActivityUpdate
- getMessagesScheduledBroadcast
- postMessagesScheduleDelete
- postCanvasTriggerScheduleDelete
- postCampaignsTriggerScheduleDelete
- postMessagesScheduleCreate
- postCampaignsTriggerScheduleCreate
- postCanvasTriggerScheduleCreate
- postMessagesScheduleUpdate
- postCampaignsTriggerScheduleUpdate
- postCanvasTriggerScheduleUpdate
- postSendsIdCreate
- postMessagesSend
- postTransactionalV1CampaignsByCampaignIdSend
- postCampaignsTriggerSend
- postCanvasTriggerSend
- getPreferenceCenterV1ByPreferenceCenterExternalIDUrlByUserID
- getPreferenceCenterV1List
- getPreferenceCenterV1ByPreferenceCenterExternalID
- putPreferenceCenterV1ByPreferenceCenterExternalID
- postPreferenceCenterV1
- deleteScimV2UserById
- getScimV2UserById
- putScimV2UserById
- getScimV2User
- postScimV2User
- getSmsInvalidPhoneNumber
- postSmsInvalidPhoneNumbersRemove
- getSubscriptionStatusGet
- getSubscriptionUserStatus
- postSubscriptionStatusSet
- postV2SubscriptionStatusSet
- getContentBlocksList
- getContentBlocksInfo
- postContentBlocksCreate
- postContentBlocksUpdate
- getTemplatesEmailList
- getTemplatesEmailInfo
- postTemplatesEmailCreate
- postTemplatesEmailUpdate
- postUsersExternalIdsRename
- postUsersExternalIdsRemove
- postUsersAliasNew
- postUsersAliasUpdate
- postUsersIdentify
- postUsersTrack
- postUsersDelete
- postUsersMerge
- create
- __construct
- executeEndpoint
- executeRawEndpoint
